//////////////////////////////////////////////////////////////////////
/////////////////////////////// Summary //////////////////////////////
//////////////////////////////////////////////////////////////////////

		Components:  			        16
		File Groups:			        15
		Number of Files:		        21
		Size of Files:   		       1444430
		Size in Library:		        770019


		<Support>
			Engine
				Log
				Kernel
			Main Installation
				Script
				Setup
				StrTbl
				RunTime
				Resource
		<Data>
			Disk<1>
			Program Files
			Example Files
			Help Files
			Shared DLLs


//////////////////////////////////////////////////////////////////////
///////////////////////////// Components /////////////////////////////
//////////////////////////////////////////////////////////////////////

*<Support>*

		File Group
		------------------------------------------------------

*<Support>\Engine*

		File Group
		------------------------------------------------------
		"<Engine>Engine Files"
		"<Engine>SelfRegistering"
		"<Engine>ScriptEngine"

*<Support>\Engine\Log*

		File Group
		------------------------------------------------------

*<Support>\Engine\Kernel*

		File Group
		------------------------------------------------------
		"<Engine>Kernel Placeholder"

*<Support>\Main Installation*

		File Group
		------------------------------------------------------

*<Support>\Main Installation\Script*

		File Group
		------------------------------------------------------
		"<Support>Script"

*<Support>\Main Installation\Setup*

		File Group
		------------------------------------------------------
		"<Support>Language Independent OS Independent Files"
		"<Support>Language Independent Intel 32 Files"
		"<Support>English OS Independent Files"
		"<Support>English Intel 32 Files"

*<Support>\Main Installation\StrTbl*

		File Group
		------------------------------------------------------
		"<Support>English String Tables"

*<Support>\Main Installation\RunTime*

		File Group
		------------------------------------------------------
		"<Support>Non-SelfRegistering"

*<Support>\Main Installation\Resource*

		File Group
		------------------------------------------------------
		"<Support>English Files"

*<Data>*

		File Group
		------------------------------------------------------

*<Data>\Disk<1>*

		File Group
		------------------------------------------------------
		"<Disk1>Disk1 Files(1)"
		"<Disk1>Disk1 Files(2)"
		"<Disk1>Disk1 Files(3)"

*<Data>\Program Files*

		File Group
		------------------------------------------------------

*<Data>\Example Files*

		File Group
		------------------------------------------------------

*<Data>\Help Files*

		File Group
		------------------------------------------------------

*<Data>\Shared DLLs*

		File Group
		------------------------------------------------------


//////////////////////////////////////////////////////////////////////
///////////////////////////// File Groups ////////////////////////////
//////////////////////////////////////////////////////////////////////

><Engine>Engine Files<

		Size of Files:   		         28529
		Size in Library:		          5841


		File                                                    Date        Time         Size         Version            Attributes    MD5                                     Source file
		------------------------------------------------------  ----------  -----------  -----------  -----------------  ------------  --------------------------------------  ------------------------------------------------
		"corecomp.ini"                                          12/16/99    10:24:50 AM        28529  ""                 "A"           "82f9d562-867d-b37e-e4ab-9e6b338348a1"  "d:\program files\installshield\installshield professional 6.2\redistributable\compressed files\language independent\os independent\corecomp.ini"

><Engine>SelfRegistering<

		Size of Files:   		        327680
		Size in Library:		        127269


		File                                                    Date        Time         Size         Version            Attributes    MD5                                     Source file
		------------------------------------------------------  ----------  -----------  -----------  -----------------  ------------  --------------------------------------  ------------------------------------------------
		"ctor.dll"                                              05/14/00    07:19:14 PM        77824  "6.20.100.1364"    "A"           "f6697a38-a46d-5eca-8eb3-87b928f69426"  "c:\program files\common files\installshield\engine\6\intel 32\ctor.dll"
		"objectps.dll"                                          05/14/00    07:12:50 PM        32768  "6.20.100.1350"    "A"           "35414a53-3b70-bf8d-dfbd-1e66935cd5ec"  "c:\program files\common files\installshield\engine\6\intel 32\objectps.dll"
		"iuser.dll"                                             05/14/00    07:14:24 PM       217088  "6.20.100.1361"    "A"           "75fad9f2-981d-1428-6539-6e5f373d1be8"  "c:\program files\common files\installshield\engine\6\intel 32\iuser.dll"

><Engine>ScriptEngine<

		Size of Files:   		        217088
		Size in Library:		        101342


		File                                                    Date        Time         Size         Version            Attributes    MD5                                     Source file
		------------------------------------------------------  ----------  -----------  -----------  -----------------  ------------  --------------------------------------  ------------------------------------------------
		"iscript.dll"                                           05/14/00    07:18:54 PM       217088  "6.20.100.1359"    "A"           "f521ba53-4d20-31ed-54de-5892cff9139b"  "c:\program files\common files\installshield\iscript\iscript.dll"

><Engine>Kernel Placeholder<

		Size of Files:   		             0


		File                                                    Date        Time         Size         Version            Attributes    MD5                                     Source file
		------------------------------------------------------  ----------  -----------  -----------  -----------------  ------------  --------------------------------------  ------------------------------------------------
		"ikernel.exe"                                           07/12/99    12:45:30 PM            0  ""                 "A"           "d98c1dd4-008f-04b2-e980-0998ecf8427e"  "d:\program files\installshield\installshield professional 6.2\cabdata\ikernel.exe"

><Support>Script<

		Size of Files:   		        143597
		Size in Library:		        143597


		File                                                    Date        Time         Size         Version            Attributes    MD5                                     Source file
		------------------------------------------------------  ----------  -----------  -----------  -----------------  ------------  --------------------------------------  ------------------------------------------------
		"setup.inx"                                             08/30/00    02:43:10 PM       143597  ""                 "A"           "303103f4-5b0c-c867-4886-049259a1c4ca"  "c:\my installations\gensym\script files\setup.inx"

><Support>Language Independent OS Independent Files<

		Size of Files:   		           284
		Size in Library:		           197


		File                                                    Date        Time         Size         Version            Attributes    MD5                                     Source file
		------------------------------------------------------  ----------  -----------  -----------  -----------------  ------------  --------------------------------------  ------------------------------------------------
		"license.txt"                                           09/09/99    04:30:00 PM          284  ""                 "A"           "1932d793-55dc-d8d4-4c58-36f6852caf15"  "c:\my installations\gensym\setup files\compressed files\language independent\os independent\license.txt"

><Support>Language Independent Intel 32 Files<

		Size of Files:   		             0


		File                                                    Date        Time         Size         Version            Attributes    MD5                                     Source file
		------------------------------------------------------  ----------  -----------  -----------  -----------------  ------------  --------------------------------------  ------------------------------------------------

><Support>English OS Independent Files<

		Size of Files:   		             0


		File                                                    Date        Time         Size         Version            Attributes    MD5                                     Source file
		------------------------------------------------------  ----------  -----------  -----------  -----------------  ------------  --------------------------------------  ------------------------------------------------

><Support>English Intel 32 Files<

		Size of Files:   		             0


		File                                                    Date        Time         Size         Version            Attributes    MD5                                     Source file
		------------------------------------------------------  ----------  -----------  -----------  -----------------  ------------  --------------------------------------  ------------------------------------------------

><Support>English String Tables<

		Size of Files:   		           245
		Size in Library:		           170


		File                                                    Date        Time         Size         Version            Attributes    MD5                                     Source file
		------------------------------------------------------  ----------  -----------  -----------  -----------------  ------------  --------------------------------------  ------------------------------------------------
		"value.shl"                                             08/30/00    02:43:06 PM          245  ""                 "A"           "24bcd9d4-7468-9464-ada8-6b713cd6a9ef"  "c:\my installations\gensym\string tables\0009-english\value.shl"

><Support>Non-SelfRegistering<

		Size of Files:   		        320656
		Size in Library:		        159146


		File                                                    Date        Time         Size         Version            Attributes    MD5                                     Source file
		------------------------------------------------------  ----------  -----------  -----------  -----------------  ------------  --------------------------------------  ------------------------------------------------
		"isrt.dll"                                              05/14/00    07:21:42 PM       319488  "6.20.100.1370"    "A"           "2f4616c4-7466-ac08-f0b9-c5c66739e7eb"  "d:\program files\installshield\installshield professional 6.2\redistributable\compressed files\language independent\intel 32\isrt.dll"
		"default.pal"                                           09/16/99    10:24:10 AM         1168  ""                 "A"           "3ffeba0a-d069-4953-4405-061de2629c82"  "d:\program files\installshield\installshield professional 6.2\redistributable\compressed files\language independent\intel 32\default.pal"

><Support>English Files<

		Size of Files:   		        217088
		Size in Library:		         43194


		File                                                    Date        Time         Size         Version            Attributes    MD5                                     Source file
		------------------------------------------------------  ----------  -----------  -----------  -----------------  ------------  --------------------------------------  ------------------------------------------------
		"_isres.dll"                                            05/14/00    07:22:20 PM       217088  "6.20.100.1401"    "A"           "42415537-4ae5-de38-6d21-42ba80353f0f"  "d:\program files\installshield\installshield professional 6.2\redistributable\compressed files\0009-english\intel 32\_isres.dll"

><Disk1>Disk1 Files(1)<

		Size of Files:   		             0


		File                                                    Date        Time         Size         Version            Attributes    MD5                                     Source file
		------------------------------------------------------  ----------  -----------  -----------  -----------------  ------------  --------------------------------------  ------------------------------------------------
		"layout.bin"                                            06/28/99    05:30:10 PM            0  ""                 "A"           "d98c1dd4-008f-04b2-e980-0998ecf8427e"  "d:\program files\installshield\installshield professional 6.2\cabdata\layout.bin"
		"data1.hdr"                                             06/28/99    05:30:10 PM            0  ""                 "A"           "d98c1dd4-008f-04b2-e980-0998ecf8427e"  "d:\program files\installshield\installshield professional 6.2\cabdata\data1.hdr"
		"data1.cab"                                             06/28/99    05:30:10 PM            0  ""                 "A"           "d98c1dd4-008f-04b2-e980-0998ecf8427e"  "d:\program files\installshield\installshield professional 6.2\cabdata\data1.cab"

><Disk1>Disk1 Files(2)<

		Size of Files:   		         45666
		Size in Library:		         45666


		File                                                    Date        Time         Size         Version            Attributes    MD5                                     Source file
		------------------------------------------------------  ----------  -----------  -----------  -----------------  ------------  --------------------------------------  ------------------------------------------------
		"setup.exe"                                             05/14/00    07:23:38 PM        45571  "6.20.100.1362"    "A"           "056bd85b-3089-83ae-04a7-1a574d850665"  "c:\my installations\gensym\media\default\disk images\disk1\setup.exe"
		"setup.ini"                                             08/30/00    02:43:10 PM           95  ""                 "A"           "33d767a0-69f0-083e-3848-b407055e42f3"  "c:\my installations\gensym\media\default\disk images\disk1\setup.ini"

><Disk1>Disk1 Files(3)<

		Size of Files:   		        143597
		Size in Library:		        143597


		File                                                    Date        Time         Size         Version            Attributes    MD5                                     Source file
		------------------------------------------------------  ----------  -----------  -----------  -----------------  ------------  --------------------------------------  ------------------------------------------------
		"setup.inx"                                             08/30/00    02:43:10 PM       143597  ""                 "A"           "303103f4-5b0c-c867-4886-049259a1c4ca"  "c:\my installations\gensym\script files\setup.inx"
