#
# This file contains list of function entry points for "genclntsh.sh" script
#

#
# Format:
#	product : function
#

#sqlbf1t_ not in libsql.a yet (hpiao)
#sqlcx2 sqlexi.c: IAP interface (jboyce)
#sqlcx2t sqlexi.c: IAP interface (jboyce)

precomp : SQLEnvGet 
precomp : SQLSvcCtxGet 
precomp : sqlOCIErrorGet
precomp : sqlOCIMemCheck
precomp : SQLRowidGet
precomp : sqlab1
precomp : sqlad1
precomp : sqladr
precomp : sqladr_ 
precomp : sqladrcr
precomp : sqladrvc
precomp : sqlaex
precomp : sqlald 
precomp : sqlald_
precomp : sqlaldt 
precomp : sqlbcc
precomp : sqlbex
precomp : sqlbf1 
precomp : sqlbf1_ 
precomp : sqlbf1t
precomp : sqlbf1t_
precomp : sqlbs1
precomp : sqlbte
precomp : sqlbuf
precomp : sqlbuf_
precomp : sqlbuft
precomp : sqlbuft_ 
precomp : sqlbxt
precomp : sqlccl
precomp : sqlcda
precomp : sqlcda_
precomp : sqlcdat 
precomp : sqlcex 
precomp : sqlcin
precomp : sqlclu
precomp : sqlclu_ 
precomp : sqlclut 
precomp : sqlcte
precomp : sqlcur
precomp : sqlcur_ 
precomp : sqlcurt 
precomp : sqlcxt 
precomp : sqlfcc
precomp : sqlfch
precomp : sqlfcn
precomp : sqlfin 
precomp : sqlfin_ 
precomp : sqlfint 
precomp : sqlfint_ 
precomp : sqlfx7
precomp : sqlfx7_
precomp : sqlfxt 
precomp : sqlfxt_ 
precomp : sqlgb1
precomp : sqlglm
precomp : sqlglm_ 
precomp : sqlglmt
precomp : sqlgls
precomp : sqlgls_
precomp : sqlglst
precomp : sqlgri
precomp : sqlgs2 
precomp : sqlgs2t 
precomp : sqlgss
precomp : sqlgss_ 
precomp : sqlgsst
precomp : sqlgsst_ 
precomp : sqlld2
precomp : sqlld2_ 
precomp : sqlld2t
precomp : sqllda 
precomp : sqllda_
precomp : sqlldat 
precomp : sqllen
precomp : sqllo1
precomp : sqlmov
precomp : sqlnul
precomp : sqlnul_
precomp : sqlnult
precomp : sqloca
precomp : sqlora
precomp : sqlora_ 
precomp : sqlorat 
precomp : sqlorat_ 
precomp : sqlos1
precomp : sqlpcs
precomp : sqlpr2
precomp : sqlpr2_ 
precomp : sqlpr2t 
precomp : sqlprc
precomp : sqlprc_ 
precomp : sqlprct 
precomp : sqlrcn
precomp : sqlrws
precomp : sqlsqs
precomp : sqlstrd
precomp : sqltfl
precomp : sqltoc
precomp : sqlvcpt 
precomp : sqlvcp 
precomp : sqlxdh 
precomp : sqlxfr 
precomp : sqlxrc 
precomp : sqlxss 
precomp : sqlxarc
precomp : sqlxass
precomp : sqlxadh
precomp : sqlxafr
precomp : sqlxads
precomp : sqlfv8c
precomp : sqldsnt
precomp : SQLExtProcError
precomp : sqllamgetcphandle
precomp : sqllamgetenv
